src/models/order/order.service.ts(40,14): error TS2551: Property 'point' does not exist on type '{ id: string; email: string; password: string; name: string; image: string | null; type: string; points: number; gradeId: string | null; refreshToken: string | null; createdAt: Date; updatedAt: Date; }'. Did you mean 'points'?
src/models/order/order.service.ts(41,58): error TS2551: Property 'point' does not exist on type '{ id: string; email: string; password: string; name: string; image: string | null; type: string; points: number; gradeId: string | null; refreshToken: string | null; createdAt: Date; updatedAt: Date; }'. Did you mean 'points'?
src/models/user/user.controller.ts(18,20): error TS2551: Property 'point' does not exist on type '{ grade: { id: string; name: string; rate: number; minAmount: number; } | null; id: string; email: string; name: string; image: string | null; type: string; points: number; gradeId: string | null; createdAt: Date; updatedAt: Date; }'. Did you mean 'points'?
src/models/user/user.repository.ts(33,56): error TS2561: Object literal may only specify known properties, but 'point' does not exist in type 'UserSelect<DefaultArgs>'. Did you mean to write 'points'?
src/models/user/user.repository.ts(44,56): error TS2561: Object literal may only specify known properties, but 'point' does not exist in type 'UserSelect<DefaultArgs>'. Did you mean to write 'points'?
